
[1m[46m RUN [49m[22m [36mv4.1.3 [39m[90mC:/Users/alfon/Desktop/valid proyects/extra/wp2[39m

[90mstdout[2m | alfcomponents/components/composed/alf-tabs/alf-tabs.spec.ts
[22m[39m­ƒº¬ vitest.setup.ts: Initializing Angular testing environment...
Ô£à Angular testing environment initialized successfully

 [31mÔØ»[39m alfcomponents/components/composed/alf-tabs/alf-tabs.spec.ts [2m([22m[2m9 tests[22m[2m | [22m[31m2 failed[39m[2m)[22m[33m 405[2mms[22m[39m
     [32mÔ£ô[39m should create the host and tabs component[32m 207[2mms[22m[39m
     [32mÔ£ô[39m should render correct number of tab headers[32m 23[2mms[22m[39m
     [32mÔ£ô[39m should show the active content and hide others[32m 17[2mms[22m[39m
     [32mÔ£ô[39m should change tab on click[32m 18[2mms[22m[39m
     [32mÔ£ô[39m should navigate with keyboard (ArrowRight)[32m 18[2mms[22m[39m
[31m     [31m├ù[31m should navigate with keyboard (Home)[39m[32m 70[2mms[22m[39m
[31m     [31m├ù[31m should support circular navigation if enabled[39m[32m 21[2mms[22m[39m
     [32mÔ£ô[39m should update ARIA selected state on headers[32m 14[2mms[22m[39m
     [32mÔ£ô[39m should announce tab change in aria-live region[32m 15[2mms[22m[39m
node.exe : 
En línea: 1 Carácter: 1
+ & "C:\Program Files\nodejs/node.exe" "C:\Users\alfon\AppData\Roaming\ ...
+ ~~~~~~~~~~~~~~~~~~~~~~~~~~~~~~~~~~~~~~~~~~~~~~~~~~~~~~~~~~~~~~~~~~~~~
    + CategoryInfo          : NotSpecified: (:String) [], RemoteException
    + FullyQualifiedErrorId : NativeCommandError
 
[31mÔÄ»ÔÄ»ÔÄ»ÔÄ»ÔÄ»ÔÄ»ÔÄ»[39m[1m[41m Failed Tests 2 [49m[22m[31mÔÄ»ÔÄ»ÔÄ»ÔÄ»ÔÄ»ÔÄ»ÔÄ»[39m

[41m[1m FAIL [22m[49m alfcomponents/components/composed/alf-tabs/alf-tabs.spec.ts[2m > [22mAlfTabs 
(Composed)[2m > [22mshould navigate with keyboard (Home)
[41m[1m FAIL [22m[49m alfcomponents/components/composed/alf-tabs/alf-tabs.spec.ts[2m > [22mAlfTabs 
(Composed)[2m > [22mshould support circular navigation if enabled
[31m[1mError[22m: NG0100: ExpressionChangedAfterItHasBeenCheckedError: Expression has changed after it was checked. 
Previous value: '0'. Current value: '1'. Expression location: TestHostComponent component. Find more at 
https://v21.angular.dev/errors/NG0100[39m
[90m [2mÔØ»[22m throwErrorIfNoChangesMode 
../darwin_arm64-fastbuild-ST-fdfa778d11ba/bin/packages/core/src/render3/errors.ts:[2m85:9[22m[39m
[90m [2mÔØ»[22m bindingUpdated 
../darwin_arm64-fastbuild-ST-fdfa778d11ba/bin/packages/core/src/render3/bindings.ts:[2m68:9[22m[39m
[90m [2mÔØ»[22m ╔Á╔ÁtwoWayProperty 
../darwin_arm64-fastbuild-ST-fdfa778d11ba/bin/packages/core/src/render3/instructions/two_way.ts:[2m45:7[22m[39m
[90m [2mÔØ»[22m templateFn ng:/TestHostComponent.js:[2m28:9[22m[39m
[90m [2mÔØ»[22m executeTemplate 
../darwin_arm64-fastbuild-ST-fdfa778d11ba/bin/packages/core/src/render3/instructions/shared.ts:[2m109:5[22m[39m
[90m [2mÔØ»[22m refreshView ../darwin_arm64-fastbuild-ST-fdfa778d11ba/bin/packages/core/src/render3/instructions/cha
nge_detection.ts:[2m232:7[22m[39m
[90m [2mÔØ»[22m detectChangesInView ../darwin_arm64-fastbuild-ST-fdfa778d11ba/bin/packages/core/src/render3/instruct
ions/change_detection.ts:[2m497:5[22m[39m
[90m [2mÔØ»[22m detectChangesInViewIfAttached ../darwin_arm64-fastbuild-ST-fdfa778d11ba/bin/packages/core/src/render
3/instructions/change_detection.ts:[2m445:3[22m[39m
[90m [2mÔØ»[22m detectChangesInComponent ../darwin_arm64-fastbuild-ST-fdfa778d11ba/bin/packages/core/src/render3/ins
tructions/change_detection.ts:[2m430:5[22m[39m
[90m [2mÔØ»[22m detectChangesInChildComponents ../darwin_arm64-fastbuild-ST-fdfa778d11ba/bin/packages/core/src/rende
r3/instructions/change_detection.ts:[2m526:5[22m[39m

[31m[2mÔÄ»ÔÄ»ÔÄ»ÔÄ»ÔÄ»ÔÄ»ÔÄ»ÔÄ»ÔÄ»ÔÄ»ÔÄ»ÔÄ»ÔÄ»ÔÄ»ÔÄ»ÔÄ»ÔÄ»ÔÄ»ÔÄ»ÔÄ»ÔÄ»ÔÄ»ÔÄ»ÔÄ»[1/2]ÔÄ»[22m[39m


[2m Test Files [22m [1m[31m1 failed[39m[22m[90m (1)[39m
[2m      Tests [22m [1m[31m2 failed[39m[22m[2m | [22m[1m[32m7 passed[39m[22m[90m (9)[39m
[2m   Start at [22m 12:39:55
[2m   Duration [22m 5.14s[2m (transform 2.96s, setup 2.85s, import 687ms, tests 405ms, environment 982ms)[22m

